# microwonk disbursement ledger (append-only, no secrets)
# columns: iso_ts\tnetwork\tasset\tamount_raw\tfrom\tto\twallet_key\ttx_hash
# negative amount_raw flags a sweep (direction: wallet -> treasury/sink)
LOAD	2026-04-14T23:11:28Z	base-sepolia	ETH	179999748000000000	0x0Be96a09EDD06C5B24D413Ade05709A1046429C6	0xeBa11b0dE936877ce26B25eF0C1800d3d5bD84cc	dock_01	0xecdcc71a5050b550a6c61d896200301037b85432b373f04e5e1bbe0ccc690b78
2026-04-14T23:11:55Z	base-sepolia	ETH	50000000000000000	0xeBa11b0dE936877ce26B25eF0C1800d3d5bD84cc	0x7A8B32c667Cd8C8c6066c1a365d5056548AB8676	resonance_xchg	0xbf980e2c16a7296c36f5cebe29b9904b96891a5ead33f2baba6effe14086a6f3
2026-04-14T23:12:37Z	base-sepolia	ETH	50000000000000000	0xeBa11b0dE936877ce26B25eF0C1800d3d5bD84cc	0x7A8B32c667Cd8C8c6066c1a365d5056548AB8676	resonance_xchg	0x861ede9325949ce8519a1354a1eb1d4ce4606068b8b793cfdc69fdd334071bff
2026-04-14T23:12:40Z	base-sepolia	ETH	50000000000000000	0xeBa11b0dE936877ce26B25eF0C1800d3d5bD84cc	0xe203533591d3f1B4C4b33ae3047dECEc77454233	resolution_service	0x39707bfd0ecc2231be0ddf2652493fe770dabf6f14b9ddbb91928f8cfb71e14a
2026-04-14T23:12:45Z	base-sepolia	ETH	10000000000000000	0xeBa11b0dE936877ce26B25eF0C1800d3d5bD84cc	0x63261D2D86BD39c233E05095944e6D6F96BDf519	srce_01_echo	0xb9e6472c33cfd20e852ebd18d0af8826232b97d8f330cfa5dabd76f6c14628d4
2026-04-14T23:12:49Z	base-sepolia	ETH	10000000000000000	0xeBa11b0dE936877ce26B25eF0C1800d3d5bD84cc	0x685dfCE4Cc43Fb3D792E59f82DFc6dcD874c9701	crtx_7_prime	0x0b9581c0041188a3a7d330c9d9f0100c40e7f909abe45ec17175012264571086
2026-04-14T23:13:48Z	base-sepolia	ETH	1000000000000000	0xeBa11b0dE936877ce26B25eF0C1800d3d5bD84cc	0xa92F793E325c67c302899F3CccA89D0f9c51F526	trbn_44_null	0xabd6b9cf17a4d605f0281e267868529c7dc4dd750e3624f5338fdbd5631f8ea0
2026-04-14T23:13:48Z	base-sepolia	ETH	1000000000000000	0xeBa11b0dE936877ce26B25eF0C1800d3d5bD84cc	0x4EbfD7F9593aaDb7879333351ec721ef122958F7	arch_v2_root	0x402c0c420c464591f91452c6d4b72c971dcafaf81f1932d6af6c8551782dfdd3
2026-04-14T23:13:48Z	base-sepolia	ETH	1000000000000000	0xeBa11b0dE936877ce26B25eF0C1800d3d5bD84cc	0x366D19e3bd81ef2D46195224ef670E4d6639AEE1	mmth_03_edge	0x852545d93280832dab714cd9b476ddda98894bdfd98352881f2668f7627367cd
2026-04-14T23:13:48Z	base-sepolia	ETH	1000000000000000	0xeBa11b0dE936877ce26B25eF0C1800d3d5bD84cc	0xB350359c9F4C8d312FA4F4d1d04CF022F2D82d5A	wkdl_k8_arb	0x41a9340f3ae2fd8d3c89b3b7e28fe8f02a3ca40fdf0efc7d9a8aaed2b3a6b190
2026-04-14T23:13:48Z	base-sepolia	ETH	1000000000000000	0xeBa11b0dE936877ce26B25eF0C1800d3d5bD84cc	0x3776Aa466e0480A3D736AA00af52b3978a3991a8	frog_sat_ix	0x182c2163a4a509cce8ffc11d82b7bf4694a5337faed79088490f395e7cf0db21
2026-04-14T23:13:48Z	base-sepolia	ETH	1000000000000000	0xeBa11b0dE936877ce26B25eF0C1800d3d5bD84cc	0x2beeDE5c7755E6e9B0a87a23BDA175cE0712B960	dsmr_00_flux	0xadfd063aac6470b043879f3c4e5514342189986a299d2de9483266003109e456
LOAD	2026-04-15T02:20:17Z	base-sepolia	USDC	20000000	0xb726Ec6d7D695FE5533f600574799132860874fC	0xeBa11b0dE936877ce26B25eF0C1800d3d5bD84cc	dock_01	0xa5a1ca39ff004a512358d9c4f938e1d9d8ca2a66fefdf7371c0d0add5975b937
LOAD	2026-04-15T02:20:18Z	base-sepolia	USDC	20000000	0xA3400A03b2EA768e5BAb8977fe3E208B4130d4c6	0xeBa11b0dE936877ce26B25eF0C1800d3d5bD84cc	dock_02	0x77094e5de7d9a9eac1207cd84c21b98485dee02d250828ecb5355345f755a4fd
LOAD	2026-04-15T02:20:20Z	base-sepolia	USDC	20000000	0x3d42020704d108378A11E9f04af23518cBb1fFc8	0xeBa11b0dE936877ce26B25eF0C1800d3d5bD84cc	dock_03	0xc690b4fa9c4a28172a49f158cb6472e628ba1bb4a5470e44b775a7de5525f709
LOAD	2026-04-15T02:20:21Z	base-sepolia	USDC	20000000	0xF644dcAfE0275973aeb9340e060C127F10d91F8c	0xeBa11b0dE936877ce26B25eF0C1800d3d5bD84cc	dock_04	0xe268279b72512fdcb106d7d0edec14a2bd7c99819f1126da57ba50504429aebf
LOAD	2026-04-15T02:20:23Z	base-sepolia	USDC	20000000	0x48BEa38D09dBF3BC283c4e1356B0a17A68d93BCC	0xeBa11b0dE936877ce26B25eF0C1800d3d5bD84cc	dock_05	0x669366409e9cc873788e95397e60c8cb8032f600f4e22fdac4709b4f0dd7444a
LOAD	2026-04-15T02:20:24Z	base-sepolia	USDC	20000000	0xe83c09f4DC67226D71Eb40b8D8BA947FBfd4a070	0xeBa11b0dE936877ce26B25eF0C1800d3d5bD84cc	dock_06	0xd424750dedb349a7625613a87f9a25d4ac2a64da0866ccebfa9d701b206b2fd4
LOAD	2026-04-15T02:20:26Z	base-sepolia	USDC	20000000	0x7B148f8A6039312Da4d5A373cAC43A04155fe221	0xeBa11b0dE936877ce26B25eF0C1800d3d5bD84cc	dock_07	0x1a53aaafc813b3a4ea1395204763029a55f4511a2137ccbb6c2b0d722e15170c
LOAD	2026-04-15T02:20:29Z	base-sepolia	USDC	20000000	0xe71DdDBff5d6815Ad68c183C402eBE699bA57796	0xeBa11b0dE936877ce26B25eF0C1800d3d5bD84cc	dock_08	0x432ce4d603c7e442043c68f9ed7eff1c77a2cefce655438d55f4e9a5776a764c
LOAD	2026-04-15T02:20:31Z	base-sepolia	USDC	20000000	0x4750DB0529A84FB65dd55760571c53FFfcD25CaD	0xeBa11b0dE936877ce26B25eF0C1800d3d5bD84cc	dock_09	0x040249c75c8e5398c6604868395525872d16a93ff1a4a4a113481ae77fa76c33
LOAD	2026-04-15T02:20:32Z	base-sepolia	USDC	20000000	0x2a40B364c8057a2DD571a69705deeE26D5D9EcD1	0xeBa11b0dE936877ce26B25eF0C1800d3d5bD84cc	dock_10	
LOAD	2026-04-15T02:20:35Z	base-sepolia	USDC	20000000	0xC3767ffAB9f408a0Fec0f52C0C73e8E63953Fa6b	0xeBa11b0dE936877ce26B25eF0C1800d3d5bD84cc	dock_11	0x568eba45e5e107d9b2b93472f2771f5d069971925b20d9849f31a50437e9b069
LOAD	2026-04-15T02:20:39Z	base-sepolia	USDC	20000000	0xBF359A79eE03AC43FB15005b28EE94a555e1Bfc5	0xeBa11b0dE936877ce26B25eF0C1800d3d5bD84cc	dock_12	0xb8e412eedf465135c96c28a7b2fcaedea122934818b2ac82d1c0a75cf6fa401d
LOAD	2026-04-15T02:20:40Z	base-sepolia	USDC	20000000	0x2132EFa3290f990Cac0d97D7459b5Cfc5d19F545	0xeBa11b0dE936877ce26B25eF0C1800d3d5bD84cc	dock_13	0x2d7a8ce6369efa94924aa146d88b9328d10fee363fb4f33d1dd9c01a1eb33ca5
LOAD	2026-04-15T02:20:42Z	base-sepolia	USDC	20000000	0x5d2Fe1e51E64DB46C98e7D82aAE93f02BAC3237b	0xeBa11b0dE936877ce26B25eF0C1800d3d5bD84cc	dock_14	0x7856483ad9a0edd198a3a00e442c568202aa28cb0c5c579bb3772fc311ea74b2
LOAD	2026-04-15T02:20:43Z	base-sepolia	USDC	20000000	0x908ffe6CF6E473dDfAf6E8965142191fCeAD69ed	0xeBa11b0dE936877ce26B25eF0C1800d3d5bD84cc	dock_15	0xfb614daad8b29b337a58d6e148c4414496848af24e69fdccc56d84eac366cf82
LOAD	2026-04-15T02:20:44Z	base-sepolia	USDC	20000000	0xE952D4BB077b1B8f2e382bff641942525EBD7cC8	0xeBa11b0dE936877ce26B25eF0C1800d3d5bD84cc	dock_16	0x3aa3400bf01be9fba99fcb551e13fb6884dbf9bf3548bf6036cc183bd60efa9b
LOAD	2026-04-15T02:20:46Z	base-sepolia	USDC	20000000	0x8153986Bbf3A8a0239CEb329DA8b2F07Ed56F7fF	0xeBa11b0dE936877ce26B25eF0C1800d3d5bD84cc	dock_17	0x51adf2de2c5d11ac5d26f64e38f7bfaaadd1b423811eae91c18c13a6bd7145c0
LOAD	2026-04-15T02:20:47Z	base-sepolia	USDC	20000000	0x15cB421F1fe16cCd0032E323fC56769F7240084d	0xeBa11b0dE936877ce26B25eF0C1800d3d5bD84cc	dock_18	0x730e30c2d0da49034235363951c2993fe22d24ad479f33fe10243a8b83be3ecf
LOAD	2026-04-15T02:20:49Z	base-sepolia	USDC	20000000	0xFbC112697a258bA1e364E1A76797EBC2c5d96Ac1	0xeBa11b0dE936877ce26B25eF0C1800d3d5bD84cc	dock_19	0xbf38c558c99889430f2c67768824947f609bd3100479db9beea90f0bbc9dbd01
LOAD	2026-04-15T02:20:50Z	base-sepolia	USDC	20000000	0x5C8998696C22759b9fCD843eF0CCA5FAC645c39F	0xeBa11b0dE936877ce26B25eF0C1800d3d5bD84cc	dock_20	0xfce3ab833310a4d169bdfff3f26ea48b44c511667715df591b6e84c94cdba7dc
LOAD	2026-04-15T02:20:52Z	base-sepolia	USDC	20000000	0xFBB58a9535Af9067E86b0698CBC53707e967f3EC	0xeBa11b0dE936877ce26B25eF0C1800d3d5bD84cc	dock_21	0xa5d4025285770f9430995f32719acad7826ce67c42c9f28d626a1cb2fa133651
LOAD	2026-04-15T02:20:55Z	base-sepolia	USDC	20000000	0x69490Ae0d4F8861c1480af4faaa39B3246e85206	0xeBa11b0dE936877ce26B25eF0C1800d3d5bD84cc	dock_22	0xa092f59ce14f9cb4d2d1d1d3379ac7869592223b2b475f2c3b12b810b310058f
LOAD	2026-04-15T02:20:58Z	base-sepolia	USDC	20000000	0x0c852A1c06fEAdAc69BA2355a0eED14Aef54545e	0xeBa11b0dE936877ce26B25eF0C1800d3d5bD84cc	dock_23	0x7fecd12977acaaea8e55554820e3e5456760ca8f196f958ef86613c8b185fdb9
LOAD	2026-04-15T02:21:00Z	base-sepolia	USDC	20000000	0x2eCE620f64F23C991582d9dc9667B88BA82842cb	0xeBa11b0dE936877ce26B25eF0C1800d3d5bD84cc	dock_24	0xb31f49a4dee846d9758ac609fcb3aaa5f843d8e9e00d8db63e0e88c25eaabe23
LOAD	2026-04-15T02:21:03Z	base-sepolia	USDC	20000000	0x4e606DeFe5f5ADEA4DBF5A60cd32366a9aE9e1CF	0xeBa11b0dE936877ce26B25eF0C1800d3d5bD84cc	dock_25	0xb992218a83842699df73b6f99d7a300ae5f550769a8594d78696894e2cac66d3
LOAD	2026-04-15T02:21:05Z	base-sepolia	USDC	20000000	0xC490581Ad1b23d66a5C83ADA631c34aEEd81728E	0xeBa11b0dE936877ce26B25eF0C1800d3d5bD84cc	dock_26	0xf3b987ddc7d8a3dae36b92f9eda88709acbee691cf43977b167ca83632bad607
LOAD	2026-04-15T02:21:06Z	base-sepolia	USDC	20000000	0x75f440bCDff3c5e5a71379c3C9756081E2323e79	0xeBa11b0dE936877ce26B25eF0C1800d3d5bD84cc	dock_27	0x1c33d97925b5d3716ac9a98f7a35c3fdbf3fe92ed4bd31cbcf490377af6013be
LOAD	2026-04-15T02:21:08Z	base-sepolia	USDC	20000000	0xe4BEef8477Bf1a605b834CFF52F1bbd7D3b2259c	0xeBa11b0dE936877ce26B25eF0C1800d3d5bD84cc	dock_28	0xb4b116d7b7b707b1beb2eb6f945137ebb97741dfff6e0181bab0db0ee9ea01a3
LOAD	2026-04-15T02:21:09Z	base-sepolia	USDC	20000000	0xdf80cA316fd6b58127fEe9A21222E13482be0F72	0xeBa11b0dE936877ce26B25eF0C1800d3d5bD84cc	dock_29	0x1aeddc60e86fb86ab95bdb0f3cd57b649ca386b3692d6e6c4e420f4d38d26332
LOAD	2026-04-15T02:21:11Z	base-sepolia	USDC	20000000	0x462a610709FD8Ea0Dff71649e2C2F210D77aa040	0xeBa11b0dE936877ce26B25eF0C1800d3d5bD84cc	dock_30	0x60988f964a7643081362101560a292e302db18b2cb53ab061941a5ee65033ecc
LOAD	2026-04-15T02:21:12Z	base-sepolia	USDC	20000000	0x74da2cbD5e3A3b375E8110c89290a99ADDaFB713	0xeBa11b0dE936877ce26B25eF0C1800d3d5bD84cc	dock_31	
LOAD	2026-04-15T02:21:14Z	base-sepolia	USDC	20000000	0xbA6c2ccAc7498420787118bF54F966FD42BE8Ac7	0xeBa11b0dE936877ce26B25eF0C1800d3d5bD84cc	dock_32	
LOAD	2026-04-15T02:21:15Z	base-sepolia	USDC	20000000	0x38597e2d234e7bF6D24193e9bEe9db79855a99eb	0xeBa11b0dE936877ce26B25eF0C1800d3d5bD84cc	dock_33	
LOAD	2026-04-15T02:21:16Z	base-sepolia	USDC	20000000	0x32AC1c5bFfEd5c54F3AE5623618Fa261aBF9E91a	0xeBa11b0dE936877ce26B25eF0C1800d3d5bD84cc	dock_34	
LOAD	2026-04-15T02:21:18Z	base-sepolia	USDC	20000000	0xc3C88124f7e73eb3afEa39FBF08BA42a5eD34e54	0xeBa11b0dE936877ce26B25eF0C1800d3d5bD84cc	dock_35	
LOAD	2026-04-15T02:21:19Z	base-sepolia	USDC	20000000	0x87728Cd8091D9767Dfa01EEF52686B43b8F6f26d	0xeBa11b0dE936877ce26B25eF0C1800d3d5bD84cc	dock_36	
LOAD	2026-04-15T02:21:21Z	base-sepolia	USDC	20000000	0xf97B09B11a7fc8b59D756Dc01BB242C04A6700E3	0xeBa11b0dE936877ce26B25eF0C1800d3d5bD84cc	dock_37	
LOAD	2026-04-15T02:21:22Z	base-sepolia	USDC	20000000	0xE8aECbBCC9c02E41540460DECF21E1f3C6CcDcB6	0xeBa11b0dE936877ce26B25eF0C1800d3d5bD84cc	dock_38	
LOAD	2026-04-15T02:21:24Z	base-sepolia	USDC	20000000	0xa2F426cD00500b45ea68D2eb4E6532055043a4Ce	0xeBa11b0dE936877ce26B25eF0C1800d3d5bD84cc	dock_39	
LOAD	2026-04-15T02:21:25Z	base-sepolia	USDC	20000000	0x67a148e9aC1884613Bc286aD0FDE7452d236C182	0xeBa11b0dE936877ce26B25eF0C1800d3d5bD84cc	dock_40	
LOAD	2026-04-15T02:21:27Z	base-sepolia	USDC	20000000	0xffd15093B178Efa81B4123373120cE7e9a8a1863	0xeBa11b0dE936877ce26B25eF0C1800d3d5bD84cc	dock_41	
LOAD	2026-04-15T02:21:29Z	base-sepolia	USDC	20000000	0xf9e6d12E44000B64a44bd27540CDD224C13fa3c6	0xeBa11b0dE936877ce26B25eF0C1800d3d5bD84cc	dock_42	
LOAD	2026-04-15T02:21:30Z	base-sepolia	USDC	20000000	0xB4113D18a69d364435E3fcbcd335Ae36F9c4eaaB	0xeBa11b0dE936877ce26B25eF0C1800d3d5bD84cc	dock_43	
LOAD	2026-04-15T02:21:31Z	base-sepolia	USDC	20000000	0x43aB03fe0787d56Ac8aB2130dEE4D06F7d696544	0xeBa11b0dE936877ce26B25eF0C1800d3d5bD84cc	dock_44	
LOAD	2026-04-15T02:21:33Z	base-sepolia	USDC	20000000	0xabd4C5152aCe4144534e937237F17b0A97d467f5	0xeBa11b0dE936877ce26B25eF0C1800d3d5bD84cc	dock_45	
LOAD	2026-04-15T02:21:34Z	base-sepolia	USDC	20000000	0x1aEAd0eefF2aeB499242C134afC1EE266960590e	0xeBa11b0dE936877ce26B25eF0C1800d3d5bD84cc	dock_46	
LOAD	2026-04-15T02:21:36Z	base-sepolia	USDC	20000000	0xe4872eF7da399F7b57186C92C1Eadf8F08636C1E	0xeBa11b0dE936877ce26B25eF0C1800d3d5bD84cc	dock_47	
LOAD	2026-04-15T02:21:37Z	base-sepolia	USDC	20000000	0x591DF8B7fD1Bb656a9860201F04a7d6533475ba5	0xeBa11b0dE936877ce26B25eF0C1800d3d5bD84cc	dock_48	
LOAD	2026-04-15T02:21:38Z	base-sepolia	USDC	20000000	0x19606E62E1A965a61a83f83C3767ec13493Fc4dE	0xeBa11b0dE936877ce26B25eF0C1800d3d5bD84cc	dock_49	
LOAD	2026-04-15T02:21:40Z	base-sepolia	USDC	20000000	0x064F4d5360A37f1642Aa3D18E2DE9d391aa8332E	0xeBa11b0dE936877ce26B25eF0C1800d3d5bD84cc	dock_50	
LOAD	2026-04-15T02:21:41Z	base-sepolia	USDC	20000000	0x0Cf93b28265FBaA41e5B04e1E5d556D2B2e7b1c9	0xeBa11b0dE936877ce26B25eF0C1800d3d5bD84cc	dock_51	
LOAD	2026-04-15T02:21:43Z	base-sepolia	USDC	20000000	0xC1b71555F277e8DcB400D03b7378C270249775a4	0xeBa11b0dE936877ce26B25eF0C1800d3d5bD84cc	dock_52	
LOAD	2026-04-15T02:21:44Z	base-sepolia	USDC	20000000	0x5a960FFa0a7E41723a4D6827505d3BA9dDaB5EAa	0xeBa11b0dE936877ce26B25eF0C1800d3d5bD84cc	dock_53	
LOAD	2026-04-15T02:21:46Z	base-sepolia	USDC	20000000	0xF2D29Fb614ec0960C5fCdA8B94e891a576B2f33F	0xeBa11b0dE936877ce26B25eF0C1800d3d5bD84cc	dock_54	
LOAD	2026-04-15T02:21:47Z	base-sepolia	USDC	20000000	0x5aE569713367F0D6bc58f35F9c5ABaA9B15e792b	0xeBa11b0dE936877ce26B25eF0C1800d3d5bD84cc	dock_55	
LOAD	2026-04-15T02:21:49Z	base-sepolia	USDC	20000000	0xeD21DB2bDDf8e4d0Aa1C0275AF605B3B92227F5d	0xeBa11b0dE936877ce26B25eF0C1800d3d5bD84cc	dock_56	
LOAD	2026-04-15T02:21:50Z	base-sepolia	USDC	20000000	0x3F517995F6cCc27daE91f6e99B9298A6e793884E	0xeBa11b0dE936877ce26B25eF0C1800d3d5bD84cc	dock_57	
LOAD	2026-04-15T02:21:52Z	base-sepolia	USDC	20000000	0x71Cc2524F124231221412984A95ff0cB66772DFb	0xeBa11b0dE936877ce26B25eF0C1800d3d5bD84cc	dock_58	
LOAD	2026-04-15T02:21:53Z	base-sepolia	USDC	20000000	0xA1b1292188ff31b27431f68bc9C1dea06571bD58	0xeBa11b0dE936877ce26B25eF0C1800d3d5bD84cc	dock_59	
LOAD	2026-04-15T02:21:55Z	base-sepolia	USDC	20000000	0xcBAEd556189d5f490340937b10b7C00ce86e469E	0xeBa11b0dE936877ce26B25eF0C1800d3d5bD84cc	dock_60	
LOAD	2026-04-15T02:22:11Z	base-sepolia	ETH	99403907141303	0xb726Ec6d7D695FE5533f600574799132860874fC	0xeBa11b0dE936877ce26B25eF0C1800d3d5bD84cc	dock_01	0x06b837edd3adf6315a896817a235cd6228e76f87b65c936c2969d6d30e3e7b1a
LOAD	2026-04-15T02:22:12Z	base-sepolia	ETH	99506507141303	0xA3400A03b2EA768e5BAb8977fe3E208B4130d4c6	0xeBa11b0dE936877ce26B25eF0C1800d3d5bD84cc	dock_02	0xf22da498f2326d75c86b98cf060d63b7a20638e9fe9b4d436e8bc4905adea82a
LOAD	2026-04-15T02:22:14Z	base-sepolia	ETH	99506507141303	0x3d42020704d108378A11E9f04af23518cBb1fFc8	0xeBa11b0dE936877ce26B25eF0C1800d3d5bD84cc	dock_03	0xd21fdb8380f3a74cf870ddf0d3cef63eed26ded0da21ccf5c65dc89a113171c1
LOAD	2026-04-15T02:22:17Z	base-sepolia	ETH	99506507141303	0xF644dcAfE0275973aeb9340e060C127F10d91F8c	0xeBa11b0dE936877ce26B25eF0C1800d3d5bD84cc	dock_04	0xeb92f6e5994d622fd5b437b59ff25173c2d1c72d9a440f84cc926c0ec8b8f552
LOAD	2026-04-15T02:22:19Z	base-sepolia	ETH	99506507141303	0x48BEa38D09dBF3BC283c4e1356B0a17A68d93BCC	0xeBa11b0dE936877ce26B25eF0C1800d3d5bD84cc	dock_05	0x909d76dde23b02c47b6c526b514ef007101498e5dc8d4eeb96651faa42a51061
LOAD	2026-04-15T02:22:20Z	base-sepolia	ETH	99506507141303	0xe83c09f4DC67226D71Eb40b8D8BA947FBfd4a070	0xeBa11b0dE936877ce26B25eF0C1800d3d5bD84cc	dock_06	0xaa4b44e34097a3b75face6a5e29c85dd76f42640f10d319e04fe4294665845a9
LOAD	2026-04-15T02:22:22Z	base-sepolia	ETH	99506507141303	0x7B148f8A6039312Da4d5A373cAC43A04155fe221	0xeBa11b0dE936877ce26B25eF0C1800d3d5bD84cc	dock_07	0x8e90c13a1b658d1aa63927f9b7be0114c4385e696d4d610367667818320e445b
LOAD	2026-04-15T02:22:23Z	base-sepolia	ETH	99506506800583	0xe71DdDBff5d6815Ad68c183C402eBE699bA57796	0xeBa11b0dE936877ce26B25eF0C1800d3d5bD84cc	dock_08	0x3aaebb64969900ab82a13603b798e05e5c0ea379c8dd8add1d0c2369cbbbca17
LOAD	2026-04-15T02:22:25Z	base-sepolia	ETH	99506506800583	0x4750DB0529A84FB65dd55760571c53FFfcD25CaD	0xeBa11b0dE936877ce26B25eF0C1800d3d5bD84cc	dock_09	0x4e18342aa5e1e05aae93cf51d051e0e98ed2245c3cdfb94f0ac44837dd1a6bbd
LOAD	2026-04-15T02:22:26Z	base-sepolia	USDC	20000000	0x2a40B364c8057a2DD571a69705deeE26D5D9EcD1	0xeBa11b0dE936877ce26B25eF0C1800d3d5bD84cc	dock_10	
LOAD	2026-04-15T02:22:29Z	base-sepolia	ETH	99506506800583	0xC3767ffAB9f408a0Fec0f52C0C73e8E63953Fa6b	0xeBa11b0dE936877ce26B25eF0C1800d3d5bD84cc	dock_11	0x460472da1dcdb28331275a0ccac1cdb930f0be14d39275a593ef59dfd8f98182
LOAD	2026-04-15T02:22:31Z	base-sepolia	ETH	99506506800583	0xBF359A79eE03AC43FB15005b28EE94a555e1Bfc5	0xeBa11b0dE936877ce26B25eF0C1800d3d5bD84cc	dock_12	0xb21384b8b4ad579b4b307148d3ca4916a6727d785aea94ddaa4f47d7683e5ffe
LOAD	2026-04-15T02:22:33Z	base-sepolia	ETH	99506506591790	0x2132EFa3290f990Cac0d97D7459b5Cfc5d19F545	0xeBa11b0dE936877ce26B25eF0C1800d3d5bD84cc	dock_13	0xd24840af2a7210091d891a3c73f81c7d61b6b9ce3d6b9fd99fdb6f20afaab1de
LOAD	2026-04-15T02:22:35Z	base-sepolia	ETH	99506506591790	0x5d2Fe1e51E64DB46C98e7D82aAE93f02BAC3237b	0xeBa11b0dE936877ce26B25eF0C1800d3d5bD84cc	dock_14	0xc10a1513f0907ecdb14f8b9245b6e979b4d7db3d71d94694103f9b396a7b69cc
LOAD	2026-04-15T02:22:36Z	base-sepolia	ETH	99506506591790	0x908ffe6CF6E473dDfAf6E8965142191fCeAD69ed	0xeBa11b0dE936877ce26B25eF0C1800d3d5bD84cc	dock_15	0x4738904bbe6a6a41d8ab9f0ec457249a9f46ef0b7d2600d944d1f1b60ec4cf3d
LOAD	2026-04-15T02:22:38Z	base-sepolia	ETH	99506506591790	0xE952D4BB077b1B8f2e382bff641942525EBD7cC8	0xeBa11b0dE936877ce26B25eF0C1800d3d5bD84cc	dock_16	0x890e56a9acbcbe0bf63af87df2ff4ee1265528631053a824cdd008b45cfaef49
LOAD	2026-04-15T02:22:41Z	base-sepolia	ETH	199506506591790	0x8153986Bbf3A8a0239CEb329DA8b2F07Ed56F7fF	0xeBa11b0dE936877ce26B25eF0C1800d3d5bD84cc	dock_17	0xd5a50d68ea73149e06875d093a26bdcf49e76c1f647078796ca87e81b1ef78df
LOAD	2026-04-15T02:22:42Z	base-sepolia	ETH	99506506591790	0x15cB421F1fe16cCd0032E323fC56769F7240084d	0xeBa11b0dE936877ce26B25eF0C1800d3d5bD84cc	dock_18	0xedf633fa66a1378099479559afd7fc7ab6073873817f74ef646d7427faff9bb9
LOAD	2026-04-15T02:22:44Z	base-sepolia	ETH	99506506591790	0xFbC112697a258bA1e364E1A76797EBC2c5d96Ac1	0xeBa11b0dE936877ce26B25eF0C1800d3d5bD84cc	dock_19	0x26a4e4d578acf0336791552f9d8d4ae1de68cc993b8391f1db5a5bc0e9e838e9
LOAD	2026-04-15T02:22:47Z	base-sepolia	ETH	99506506591790	0x5C8998696C22759b9fCD843eF0CCA5FAC645c39F	0xeBa11b0dE936877ce26B25eF0C1800d3d5bD84cc	dock_20	0x16b974748c2fa5472da896e97b477f0b45490bcb549c9805555c81a7e8c79883
LOAD	2026-04-15T02:22:48Z	base-sepolia	ETH	99506506749550	0xFBB58a9535Af9067E86b0698CBC53707e967f3EC	0xeBa11b0dE936877ce26B25eF0C1800d3d5bD84cc	dock_21	0x4f0795c8a81220d324746dfde43987181848d73b310fa9cfabdabee43cd7b761
LOAD	2026-04-15T02:22:50Z	base-sepolia	ETH	99506506749550	0x69490Ae0d4F8861c1480af4faaa39B3246e85206	0xeBa11b0dE936877ce26B25eF0C1800d3d5bD84cc	dock_22	0xd923504dde6686c934ca4bc3e81deb804373e9f81e2a8364135c2f41a19bb352
LOAD	2026-04-15T02:22:53Z	base-sepolia	ETH	99506506749550	0x0c852A1c06fEAdAc69BA2355a0eED14Aef54545e	0xeBa11b0dE936877ce26B25eF0C1800d3d5bD84cc	dock_23	0x77662e6c4b957c2938380068b4de886a784fadfd4928572d1b2779cad150fceb
LOAD	2026-04-15T02:22:55Z	base-sepolia	ETH	99506506749550	0x2eCE620f64F23C991582d9dc9667B88BA82842cb	0xeBa11b0dE936877ce26B25eF0C1800d3d5bD84cc	dock_24	0x349b9f557b74886f3c0c4cfd392c1e16e8a88b2a5daf3cd141be9dd785d20220
LOAD	2026-04-15T02:22:56Z	base-sepolia	ETH	99506506749550	0x4e606DeFe5f5ADEA4DBF5A60cd32366a9aE9e1CF	0xeBa11b0dE936877ce26B25eF0C1800d3d5bD84cc	dock_25	0xee4d479e4e3f929f22a9ae6536ae69acd88ad9e894c1c222685618bf269e9e98
LOAD	2026-04-15T02:22:58Z	base-sepolia	ETH	99506506402566	0xC490581Ad1b23d66a5C83ADA631c34aEEd81728E	0xeBa11b0dE936877ce26B25eF0C1800d3d5bD84cc	dock_26	0x3f9f8dfd81b90b89f7f0dd67bf950c7ba4a236fc371a1d9aa6340f2c0cf6edd1
LOAD	2026-04-15T02:22:59Z	base-sepolia	ETH	99506506402566	0x75f440bCDff3c5e5a71379c3C9756081E2323e79	0xeBa11b0dE936877ce26B25eF0C1800d3d5bD84cc	dock_27	0x07b32eab2881625a87cde72d8adc752ac934b91a5cfa4b41eb9cacd26fc5795f
LOAD	2026-04-15T02:23:01Z	base-sepolia	ETH	99506506402566	0xe4BEef8477Bf1a605b834CFF52F1bbd7D3b2259c	0xeBa11b0dE936877ce26B25eF0C1800d3d5bD84cc	dock_28	0x5c6b09b8379b85701175e5a8e8026e5af2b4a0e6a847e97286823822197c0037
LOAD	2026-04-15T02:23:02Z	base-sepolia	ETH	99506506402566	0xdf80cA316fd6b58127fEe9A21222E13482be0F72	0xeBa11b0dE936877ce26B25eF0C1800d3d5bD84cc	dock_29	0x7ccad64233963d766bb941502bd51edaacdc31d448c381f2d131a22cd687bd8a
LOAD	2026-04-15T02:23:04Z	base-sepolia	ETH	99506506402566	0x462a610709FD8Ea0Dff71649e2C2F210D77aa040	0xeBa11b0dE936877ce26B25eF0C1800d3d5bD84cc	dock_30	0x08c67490c20fc37a98c4be2fba21556a0d125227b651d572b2e307b774cf81a3
LOAD	2026-04-15T02:23:05Z	base-sepolia	USDC	20000000	0x74da2cbD5e3A3b375E8110c89290a99ADDaFB713	0xeBa11b0dE936877ce26B25eF0C1800d3d5bD84cc	dock_31	
LOAD	2026-04-15T02:23:06Z	base-sepolia	USDC	20000000	0xbA6c2ccAc7498420787118bF54F966FD42BE8Ac7	0xeBa11b0dE936877ce26B25eF0C1800d3d5bD84cc	dock_32	
LOAD	2026-04-15T02:23:08Z	base-sepolia	USDC	20000000	0x38597e2d234e7bF6D24193e9bEe9db79855a99eb	0xeBa11b0dE936877ce26B25eF0C1800d3d5bD84cc	dock_33	
LOAD	2026-04-15T02:23:10Z	base-sepolia	USDC	20000000	0x32AC1c5bFfEd5c54F3AE5623618Fa261aBF9E91a	0xeBa11b0dE936877ce26B25eF0C1800d3d5bD84cc	dock_34	
LOAD	2026-04-15T02:23:11Z	base-sepolia	USDC	20000000	0xc3C88124f7e73eb3afEa39FBF08BA42a5eD34e54	0xeBa11b0dE936877ce26B25eF0C1800d3d5bD84cc	dock_35	
LOAD	2026-04-15T02:23:13Z	base-sepolia	USDC	20000000	0x87728Cd8091D9767Dfa01EEF52686B43b8F6f26d	0xeBa11b0dE936877ce26B25eF0C1800d3d5bD84cc	dock_36	
LOAD	2026-04-15T02:23:14Z	base-sepolia	USDC	20000000	0xf97B09B11a7fc8b59D756Dc01BB242C04A6700E3	0xeBa11b0dE936877ce26B25eF0C1800d3d5bD84cc	dock_37	
LOAD	2026-04-15T02:23:15Z	base-sepolia	USDC	20000000	0xE8aECbBCC9c02E41540460DECF21E1f3C6CcDcB6	0xeBa11b0dE936877ce26B25eF0C1800d3d5bD84cc	dock_38	
LOAD	2026-04-15T02:23:17Z	base-sepolia	USDC	20000000	0xa2F426cD00500b45ea68D2eb4E6532055043a4Ce	0xeBa11b0dE936877ce26B25eF0C1800d3d5bD84cc	dock_39	
LOAD	2026-04-15T02:23:18Z	base-sepolia	USDC	20000000	0x67a148e9aC1884613Bc286aD0FDE7452d236C182	0xeBa11b0dE936877ce26B25eF0C1800d3d5bD84cc	dock_40	
LOAD	2026-04-15T02:23:20Z	base-sepolia	USDC	20000000	0xffd15093B178Efa81B4123373120cE7e9a8a1863	0xeBa11b0dE936877ce26B25eF0C1800d3d5bD84cc	dock_41	
LOAD	2026-04-15T02:23:21Z	base-sepolia	USDC	20000000	0xf9e6d12E44000B64a44bd27540CDD224C13fa3c6	0xeBa11b0dE936877ce26B25eF0C1800d3d5bD84cc	dock_42	
LOAD	2026-04-15T02:23:23Z	base-sepolia	USDC	20000000	0xB4113D18a69d364435E3fcbcd335Ae36F9c4eaaB	0xeBa11b0dE936877ce26B25eF0C1800d3d5bD84cc	dock_43	
LOAD	2026-04-15T02:23:25Z	base-sepolia	USDC	20000000	0x43aB03fe0787d56Ac8aB2130dEE4D06F7d696544	0xeBa11b0dE936877ce26B25eF0C1800d3d5bD84cc	dock_44	
LOAD	2026-04-15T02:23:26Z	base-sepolia	USDC	20000000	0xabd4C5152aCe4144534e937237F17b0A97d467f5	0xeBa11b0dE936877ce26B25eF0C1800d3d5bD84cc	dock_45	
LOAD	2026-04-15T02:23:28Z	base-sepolia	USDC	20000000	0x1aEAd0eefF2aeB499242C134afC1EE266960590e	0xeBa11b0dE936877ce26B25eF0C1800d3d5bD84cc	dock_46	
LOAD	2026-04-15T02:23:29Z	base-sepolia	USDC	20000000	0xe4872eF7da399F7b57186C92C1Eadf8F08636C1E	0xeBa11b0dE936877ce26B25eF0C1800d3d5bD84cc	dock_47	
LOAD	2026-04-15T02:23:31Z	base-sepolia	USDC	20000000	0x591DF8B7fD1Bb656a9860201F04a7d6533475ba5	0xeBa11b0dE936877ce26B25eF0C1800d3d5bD84cc	dock_48	
LOAD	2026-04-15T02:23:32Z	base-sepolia	USDC	20000000	0x19606E62E1A965a61a83f83C3767ec13493Fc4dE	0xeBa11b0dE936877ce26B25eF0C1800d3d5bD84cc	dock_49	
LOAD	2026-04-15T02:23:34Z	base-sepolia	USDC	20000000	0x064F4d5360A37f1642Aa3D18E2DE9d391aa8332E	0xeBa11b0dE936877ce26B25eF0C1800d3d5bD84cc	dock_50	
LOAD	2026-04-15T02:23:35Z	base-sepolia	USDC	20000000	0x0Cf93b28265FBaA41e5B04e1E5d556D2B2e7b1c9	0xeBa11b0dE936877ce26B25eF0C1800d3d5bD84cc	dock_51	
LOAD	2026-04-15T02:23:37Z	base-sepolia	USDC	20000000	0xC1b71555F277e8DcB400D03b7378C270249775a4	0xeBa11b0dE936877ce26B25eF0C1800d3d5bD84cc	dock_52	
LOAD	2026-04-15T02:23:38Z	base-sepolia	USDC	20000000	0x5a960FFa0a7E41723a4D6827505d3BA9dDaB5EAa	0xeBa11b0dE936877ce26B25eF0C1800d3d5bD84cc	dock_53	
LOAD	2026-04-15T02:23:40Z	base-sepolia	USDC	20000000	0xF2D29Fb614ec0960C5fCdA8B94e891a576B2f33F	0xeBa11b0dE936877ce26B25eF0C1800d3d5bD84cc	dock_54	
LOAD	2026-04-15T02:23:41Z	base-sepolia	USDC	20000000	0x5aE569713367F0D6bc58f35F9c5ABaA9B15e792b	0xeBa11b0dE936877ce26B25eF0C1800d3d5bD84cc	dock_55	
LOAD	2026-04-15T02:23:42Z	base-sepolia	USDC	20000000	0xeD21DB2bDDf8e4d0Aa1C0275AF605B3B92227F5d	0xeBa11b0dE936877ce26B25eF0C1800d3d5bD84cc	dock_56	
LOAD	2026-04-15T02:23:44Z	base-sepolia	USDC	20000000	0x3F517995F6cCc27daE91f6e99B9298A6e793884E	0xeBa11b0dE936877ce26B25eF0C1800d3d5bD84cc	dock_57	
LOAD	2026-04-15T02:23:45Z	base-sepolia	USDC	20000000	0x71Cc2524F124231221412984A95ff0cB66772DFb	0xeBa11b0dE936877ce26B25eF0C1800d3d5bD84cc	dock_58	
LOAD	2026-04-15T02:23:47Z	base-sepolia	USDC	20000000	0xA1b1292188ff31b27431f68bc9C1dea06571bD58	0xeBa11b0dE936877ce26B25eF0C1800d3d5bD84cc	dock_59	
LOAD	2026-04-15T02:23:48Z	base-sepolia	USDC	20000000	0xcBAEd556189d5f490340937b10b7C00ce86e469E	0xeBa11b0dE936877ce26B25eF0C1800d3d5bD84cc	dock_60	
LOAD	2026-04-15T02:24:52Z	base-sepolia	USDC	20000000	0x2a40B364c8057a2DD571a69705deeE26D5D9EcD1	0xeBa11b0dE936877ce26B25eF0C1800d3d5bD84cc	dock_10	0xa7df6f58fc2bb7805fd84b61fc7a9b9f4784cad38fb6d72aeb4899659d77f075
LOAD	2026-04-15T02:24:53Z	base-sepolia	ETH	99506504966882	0x2a40B364c8057a2DD571a69705deeE26D5D9EcD1	0xeBa11b0dE936877ce26B25eF0C1800d3d5bD84cc	dock_10	
LOAD	2026-04-15T02:25:11Z	base-sepolia	USDC	20000000	0x74da2cbD5e3A3b375E8110c89290a99ADDaFB713	0xeBa11b0dE936877ce26B25eF0C1800d3d5bD84cc	dock_31	
LOAD	2026-04-15T02:25:12Z	base-sepolia	USDC	20000000	0xbA6c2ccAc7498420787118bF54F966FD42BE8Ac7	0xeBa11b0dE936877ce26B25eF0C1800d3d5bD84cc	dock_32	
LOAD	2026-04-15T02:25:14Z	base-sepolia	USDC	20000000	0x38597e2d234e7bF6D24193e9bEe9db79855a99eb	0xeBa11b0dE936877ce26B25eF0C1800d3d5bD84cc	dock_33	
LOAD	2026-04-15T02:25:15Z	base-sepolia	USDC	20000000	0x32AC1c5bFfEd5c54F3AE5623618Fa261aBF9E91a	0xeBa11b0dE936877ce26B25eF0C1800d3d5bD84cc	dock_34	
LOAD	2026-04-15T02:25:17Z	base-sepolia	USDC	20000000	0xc3C88124f7e73eb3afEa39FBF08BA42a5eD34e54	0xeBa11b0dE936877ce26B25eF0C1800d3d5bD84cc	dock_35	
LOAD	2026-04-15T02:25:18Z	base-sepolia	USDC	20000000	0x87728Cd8091D9767Dfa01EEF52686B43b8F6f26d	0xeBa11b0dE936877ce26B25eF0C1800d3d5bD84cc	dock_36	
LOAD	2026-04-15T02:25:20Z	base-sepolia	USDC	20000000	0xf97B09B11a7fc8b59D756Dc01BB242C04A6700E3	0xeBa11b0dE936877ce26B25eF0C1800d3d5bD84cc	dock_37	
LOAD	2026-04-15T02:25:21Z	base-sepolia	USDC	20000000	0xE8aECbBCC9c02E41540460DECF21E1f3C6CcDcB6	0xeBa11b0dE936877ce26B25eF0C1800d3d5bD84cc	dock_38	
LOAD	2026-04-15T02:25:23Z	base-sepolia	USDC	20000000	0xa2F426cD00500b45ea68D2eb4E6532055043a4Ce	0xeBa11b0dE936877ce26B25eF0C1800d3d5bD84cc	dock_39	
LOAD	2026-04-15T02:25:25Z	base-sepolia	USDC	20000000	0x67a148e9aC1884613Bc286aD0FDE7452d236C182	0xeBa11b0dE936877ce26B25eF0C1800d3d5bD84cc	dock_40	
LOAD	2026-04-15T02:25:26Z	base-sepolia	USDC	20000000	0xffd15093B178Efa81B4123373120cE7e9a8a1863	0xeBa11b0dE936877ce26B25eF0C1800d3d5bD84cc	dock_41	
LOAD	2026-04-15T02:25:29Z	base-sepolia	USDC	20000000	0xf9e6d12E44000B64a44bd27540CDD224C13fa3c6	0xeBa11b0dE936877ce26B25eF0C1800d3d5bD84cc	dock_42	
LOAD	2026-04-15T02:25:30Z	base-sepolia	USDC	20000000	0xB4113D18a69d364435E3fcbcd335Ae36F9c4eaaB	0xeBa11b0dE936877ce26B25eF0C1800d3d5bD84cc	dock_43	
LOAD	2026-04-15T02:25:32Z	base-sepolia	USDC	20000000	0x43aB03fe0787d56Ac8aB2130dEE4D06F7d696544	0xeBa11b0dE936877ce26B25eF0C1800d3d5bD84cc	dock_44	
LOAD	2026-04-15T02:25:33Z	base-sepolia	USDC	20000000	0xabd4C5152aCe4144534e937237F17b0A97d467f5	0xeBa11b0dE936877ce26B25eF0C1800d3d5bD84cc	dock_45	
LOAD	2026-04-15T02:25:35Z	base-sepolia	USDC	20000000	0x1aEAd0eefF2aeB499242C134afC1EE266960590e	0xeBa11b0dE936877ce26B25eF0C1800d3d5bD84cc	dock_46	
LOAD	2026-04-15T02:25:57Z	base-sepolia	ETH	99506504966882	0x2a40B364c8057a2DD571a69705deeE26D5D9EcD1	0xeBa11b0dE936877ce26B25eF0C1800d3d5bD84cc	dock_10	0xb6c9a51aefd9eaf85112ccf72e31e936a7d944f176b6e920b0bee8002aa5de7d
LOAD	2026-04-15T02:26:15Z	base-sepolia	USDC	20000000	0x74da2cbD5e3A3b375E8110c89290a99ADDaFB713	0xeBa11b0dE936877ce26B25eF0C1800d3d5bD84cc	dock_31	
LOAD	2026-04-15T02:26:16Z	base-sepolia	USDC	20000000	0xbA6c2ccAc7498420787118bF54F966FD42BE8Ac7	0xeBa11b0dE936877ce26B25eF0C1800d3d5bD84cc	dock_32	
LOAD	2026-04-15T02:26:18Z	base-sepolia	USDC	20000000	0x38597e2d234e7bF6D24193e9bEe9db79855a99eb	0xeBa11b0dE936877ce26B25eF0C1800d3d5bD84cc	dock_33	
LOAD	2026-04-15T02:26:19Z	base-sepolia	USDC	20000000	0x32AC1c5bFfEd5c54F3AE5623618Fa261aBF9E91a	0xeBa11b0dE936877ce26B25eF0C1800d3d5bD84cc	dock_34	
LOAD	2026-04-15T02:26:21Z	base-sepolia	USDC	20000000	0xc3C88124f7e73eb3afEa39FBF08BA42a5eD34e54	0xeBa11b0dE936877ce26B25eF0C1800d3d5bD84cc	dock_35	
LOAD	2026-04-15T02:26:22Z	base-sepolia	USDC	20000000	0x87728Cd8091D9767Dfa01EEF52686B43b8F6f26d	0xeBa11b0dE936877ce26B25eF0C1800d3d5bD84cc	dock_36	
LOAD	2026-04-15T02:26:24Z	base-sepolia	USDC	20000000	0xf97B09B11a7fc8b59D756Dc01BB242C04A6700E3	0xeBa11b0dE936877ce26B25eF0C1800d3d5bD84cc	dock_37	
LOAD	2026-04-15T02:26:25Z	base-sepolia	USDC	20000000	0xE8aECbBCC9c02E41540460DECF21E1f3C6CcDcB6	0xeBa11b0dE936877ce26B25eF0C1800d3d5bD84cc	dock_38	
LOAD	2026-04-15T02:26:27Z	base-sepolia	USDC	20000000	0xa2F426cD00500b45ea68D2eb4E6532055043a4Ce	0xeBa11b0dE936877ce26B25eF0C1800d3d5bD84cc	dock_39	
LOAD	2026-04-15T02:26:28Z	base-sepolia	USDC	20000000	0x67a148e9aC1884613Bc286aD0FDE7452d236C182	0xeBa11b0dE936877ce26B25eF0C1800d3d5bD84cc	dock_40	
LOAD	2026-04-15T02:26:30Z	base-sepolia	USDC	20000000	0xffd15093B178Efa81B4123373120cE7e9a8a1863	0xeBa11b0dE936877ce26B25eF0C1800d3d5bD84cc	dock_41	
LOAD	2026-04-15T02:26:31Z	base-sepolia	USDC	20000000	0xf9e6d12E44000B64a44bd27540CDD224C13fa3c6	0xeBa11b0dE936877ce26B25eF0C1800d3d5bD84cc	dock_42	
LOAD	2026-04-15T02:26:33Z	base-sepolia	USDC	20000000	0xB4113D18a69d364435E3fcbcd335Ae36F9c4eaaB	0xeBa11b0dE936877ce26B25eF0C1800d3d5bD84cc	dock_43	
LOAD	2026-04-15T02:26:34Z	base-sepolia	USDC	20000000	0x43aB03fe0787d56Ac8aB2130dEE4D06F7d696544	0xeBa11b0dE936877ce26B25eF0C1800d3d5bD84cc	dock_44	
LOAD	2026-04-15T02:26:35Z	base-sepolia	USDC	20000000	0xabd4C5152aCe4144534e937237F17b0A97d467f5	0xeBa11b0dE936877ce26B25eF0C1800d3d5bD84cc	dock_45	
LOAD	2026-04-15T02:26:37Z	base-sepolia	USDC	20000000	0x1aEAd0eefF2aeB499242C134afC1EE266960590e	0xeBa11b0dE936877ce26B25eF0C1800d3d5bD84cc	dock_46	
LOAD	2026-04-15T02:26:38Z	base-sepolia	USDC	20000000	0xe4872eF7da399F7b57186C92C1Eadf8F08636C1E	0xeBa11b0dE936877ce26B25eF0C1800d3d5bD84cc	dock_47	
LOAD	2026-04-15T02:26:40Z	base-sepolia	USDC	20000000	0x591DF8B7fD1Bb656a9860201F04a7d6533475ba5	0xeBa11b0dE936877ce26B25eF0C1800d3d5bD84cc	dock_48	
LOAD	2026-04-15T02:26:41Z	base-sepolia	USDC	20000000	0x19606E62E1A965a61a83f83C3767ec13493Fc4dE	0xeBa11b0dE936877ce26B25eF0C1800d3d5bD84cc	dock_49	
LOAD	2026-04-15T02:26:43Z	base-sepolia	USDC	20000000	0x064F4d5360A37f1642Aa3D18E2DE9d391aa8332E	0xeBa11b0dE936877ce26B25eF0C1800d3d5bD84cc	dock_50	
LOAD	2026-04-15T02:26:44Z	base-sepolia	USDC	20000000	0x0Cf93b28265FBaA41e5B04e1E5d556D2B2e7b1c9	0xeBa11b0dE936877ce26B25eF0C1800d3d5bD84cc	dock_51	
LOAD	2026-04-15T02:26:45Z	base-sepolia	USDC	20000000	0xC1b71555F277e8DcB400D03b7378C270249775a4	0xeBa11b0dE936877ce26B25eF0C1800d3d5bD84cc	dock_52	
LOAD	2026-04-15T02:26:47Z	base-sepolia	USDC	20000000	0x5a960FFa0a7E41723a4D6827505d3BA9dDaB5EAa	0xeBa11b0dE936877ce26B25eF0C1800d3d5bD84cc	dock_53	
LOAD	2026-04-15T02:26:48Z	base-sepolia	USDC	20000000	0xF2D29Fb614ec0960C5fCdA8B94e891a576B2f33F	0xeBa11b0dE936877ce26B25eF0C1800d3d5bD84cc	dock_54	
LOAD	2026-04-15T02:26:50Z	base-sepolia	USDC	20000000	0x5aE569713367F0D6bc58f35F9c5ABaA9B15e792b	0xeBa11b0dE936877ce26B25eF0C1800d3d5bD84cc	dock_55	
LOAD	2026-04-15T02:26:51Z	base-sepolia	USDC	20000000	0xeD21DB2bDDf8e4d0Aa1C0275AF605B3B92227F5d	0xeBa11b0dE936877ce26B25eF0C1800d3d5bD84cc	dock_56	
LOAD	2026-04-15T02:26:53Z	base-sepolia	USDC	20000000	0x3F517995F6cCc27daE91f6e99B9298A6e793884E	0xeBa11b0dE936877ce26B25eF0C1800d3d5bD84cc	dock_57	
LOAD	2026-04-15T02:26:54Z	base-sepolia	USDC	20000000	0x71Cc2524F124231221412984A95ff0cB66772DFb	0xeBa11b0dE936877ce26B25eF0C1800d3d5bD84cc	dock_58	
LOAD	2026-04-15T02:26:55Z	base-sepolia	USDC	20000000	0xA1b1292188ff31b27431f68bc9C1dea06571bD58	0xeBa11b0dE936877ce26B25eF0C1800d3d5bD84cc	dock_59	
LOAD	2026-04-15T02:26:57Z	base-sepolia	USDC	20000000	0xcBAEd556189d5f490340937b10b7C00ce86e469E	0xeBa11b0dE936877ce26B25eF0C1800d3d5bD84cc	dock_60	
2026-04-15T02:30:21Z	base-sepolia	USDC	100000000	0xeBa11b0dE936877ce26B25eF0C1800d3d5bD84cc	0x7A8B32c667Cd8C8c6066c1a365d5056548AB8676	resonance_xchg	0xa94b113dd396597fa813caad7aadef9296028513ff5b2538e6afbc8fa3c96824
2026-04-15T02:30:24Z	base-sepolia	USDC	100000000	0xeBa11b0dE936877ce26B25eF0C1800d3d5bD84cc	0xe203533591d3f1B4C4b33ae3047dECEc77454233	resolution_service	0xe19c37d7686bc3e2a88e26285cb889faaca7cd2959381c23ff65a3ead7459566
2026-04-15T02:30:28Z	base-sepolia	USDC	50000000	0xeBa11b0dE936877ce26B25eF0C1800d3d5bD84cc	0x63261D2D86BD39c233E05095944e6D6F96BDf519	srce_01_echo	0x449ad6c890d6be3f7531fed01703d9d96f2dd9456e23bcf4f69fb1671c9c5402
2026-04-15T02:30:32Z	base-sepolia	USDC	50000000	0xeBa11b0dE936877ce26B25eF0C1800d3d5bD84cc	0x685dfCE4Cc43Fb3D792E59f82DFc6dcD874c9701	crtx_7_prime	0xf9bc732c01ad1276e1b1ad5505d840b02535d6c0d2e111d3fae4031ca28c36b8
2026-04-15T02:30:39Z	base-sepolia	USDC	50000000	0xeBa11b0dE936877ce26B25eF0C1800d3d5bD84cc	0xa92F793E325c67c302899F3CccA89D0f9c51F526	trbn_44_null	0x1458cf163bbb4af90016c3f046f942fe3759b7c48184ccf0d01dc68bae4f470b
2026-04-15T02:30:43Z	base-sepolia	USDC	50000000	0xeBa11b0dE936877ce26B25eF0C1800d3d5bD84cc	0x3776Aa466e0480A3D736AA00af52b3978a3991a8	frog_sat_ix	0x2e0d23918573fa09b2f30a1152ed78e137aab9d623b43d7f43cf6b32a1264630
2026-04-15T02:30:44Z	base-sepolia	USDC	50000000	0xeBa11b0dE936877ce26B25eF0C1800d3d5bD84cc	0x2beeDE5c7755E6e9B0a87a23BDA175cE0712B960	dsmr_00_flux	0xb1c3002b56139933ab6c550a7a0c1f2e166933369b7a2ffa489418f1e371463b
2026-04-15T02:30:50Z	base-sepolia	USDC	50000000	0xeBa11b0dE936877ce26B25eF0C1800d3d5bD84cc	0xB350359c9F4C8d312FA4F4d1d04CF022F2D82d5A	wkdl_k8_arb	0xd1cd2567dc32cfa298be1adaa7c2258ad7e881fcb15fa65b38befe44f07d8fc1
2026-04-15T02:30:54Z	base-sepolia	USDC	50000000	0xeBa11b0dE936877ce26B25eF0C1800d3d5bD84cc	0x366D19e3bd81ef2D46195224ef670E4d6639AEE1	mmth_03_edge	0x0c5bca2b379867a3c0258700a1561eff1a954ec5141af5ed6e351b0f1d89e81a
2026-04-15T02:30:58Z	base-sepolia	USDC	50000000	0xeBa11b0dE936877ce26B25eF0C1800d3d5bD84cc	0x4EbfD7F9593aaDb7879333351ec721ef122958F7	arch_v2_root	0xf9ee4725bebf3b73252b78bb7e5baf26f4e4ea9c1b201832bf8ea1555b4790ea
